// Vitest Snapshot v1

exports[`plugin > should generate bundle 1`] = `
"const greeting = [
	{
		type: 0,
		value: \\"Hello, \\"
	},
	{
		type: 1,
		value: \\"name\\"
	},
	{
		type: 0,
		value: \\"!\\"
	}
];
var messages = {
	greeting: greeting
};

function example() {
  // eslint-disable-next-line no-console
  console.log(messages);
}

export { example as default };
"
`;

exports[`plugin > should prevent json plugins if specified 1`] = `
"var type = 0;
var target = \\"World\\";
var options = {
	type: type,
	target: target
};

const greeting = [
	{
		type: 0,
		value: \\"Hello, \\"
	},
	{
		type: 1,
		value: \\"name\\"
	},
	{
		type: 0,
		value: \\"!\\"
	}
];
const goodbye = [
	{
		type: 0,
		value: \\"Farewell, \\"
	},
	{
		type: 1,
		value: \\"name\\"
	},
	{
		type: 0,
		value: \\"!\\"
	}
];
var messages = {
	greeting: greeting,
	goodbye: goodbye
};

const messageTypes = [
  [0, 'greeting'],
  [1, 'goodbye'],
];

function example() {
  const messageId = messageTypes.find(([type]) => options.type === type);
  if (messageId == null) throw new Error(\`Unknown type \${options.type}\`)
  return messages[messageId]
}

export { example as default };
"
`;
