// Vitest Snapshot v1

exports[`plugin > should generate bundle 1`] = `
"const greeting = [
	{
		type: 0,
		value: \\"Hello, \\"
	},
	{
		type: 1,
		value: \\"name\\"
	},
	{
		type: 0,
		value: \\"!\\"
	}
];
var messages = {
	greeting: greeting
};

function example() {
  // eslint-disable-next-line no-console
  console.log(messages);
}

export { example as default };
"
`;
